// Jest Snapshot v1, https://goo.gl/fbAQLP

exports[`AnsiEscape calls removeCodes() successfully 1`] = `"[31mH[39m[33me[39m[32ml[39m[34ml[39m[35mo[39m[36m,[39m [1mw[22m[2mo[22m[7mr[27m[37ml[39m[90md[39m[4m![24m"`;
